// Jest Snapshot v1, https://goo.gl/fbAQLP

exports[`Search renders correctly 1`] = `
<DocumentFragment>
  <form
    class="Form"
  >
    <input
      class="Input"
      type="text"
    />
    <button
      class="Button"
      type="submit"
    >
      Search
    </button>
  </form>
</DocumentFragment>
`;
